// Jest Snapshot v1, https://goo.gl/fbAQLP

exports[`testing Student Dashboard component should be defined on render 1`] = `ShallowWrapper {}`;
